[    0.000000] Initializing cgroup subsys cpuset
[    0.000000] Initializing cgroup subsys cpu
[    0.000000] Initializing cgroup subsys cpuacct
[    0.000000] Linux version 4.4.0-89-generic (buildd@lgw01-18) (gcc version 5.4.0 20160609 (Ubuntu 5.4.0-6ubuntu1~16.04.4) ) #112-Ubuntu SMP Mon Jul 31 19:38:41 UTC 2017 (Ubuntu 4.4.0-89.112-generic 4.4.76)
[    0.000000] Command line: BOOT_IMAGE=/boot/vmlinuz-4.4.0-89-generic root=LABEL=cloudimg-rootfs ro console=tty1 console=ttyS0
[    0.000000] KERNEL supported cpus:
[    0.000000]   Intel GenuineIntel
[    0.000000]   AMD AuthenticAMD
[    0.000000]   Centaur CentaurHauls
[    0.000000] x86/fpu: xstate_offset[2]:  576, xstate_sizes[2]:  256
[    0.000000] x86/fpu: Supporting XSAVE feature 0x01: 'x87 floating point registers'
[    0.000000] x86/fpu: Supporting XSAVE feature 0x02: 'SSE registers'
[    0.000000] x86/fpu: Supporting XSAVE feature 0x04: 'AVX registers'
[    0.000000] x86/fpu: Enabled xstate features 0x7, context size is 832 bytes, using 'standard' format.
[    0.000000] x86/fpu: Using 'lazy' FPU context switches.
[    0.000000] e820: BIOS-provided physical RAM map:
[    0.000000] BIOS-e820: [mem 0x0000000000000000-0x000000000009fbff] usable
[    0.000000] BIOS-e820: [mem 0x000000000009fc00-0x000000000009ffff] reserved
[    0.000000] BIOS-e820: [mem 0x00000000000f0000-0x00000000000fffff] reserved
[    0.000000] BIOS-e820: [mem 0x0000000000100000-0x000000003ffeffff] usable
[    0.000000] BIOS-e820: [mem 0x000000003fff0000-0x000000003fffffff] ACPI data
[    0.000000] BIOS-e820: [mem 0x00000000fec00000-0x00000000fec00fff] reserved
[    0.000000] BIOS-e820: [mem 0x00000000fee00000-0x00000000fee00fff] reserved
[    0.000000] BIOS-e820: [mem 0x00000000fffc0000-0x00000000ffffffff] reserved
[    0.000000] NX (Execute Disable) protection: active
[    0.000000] SMBIOS 2.5 present.
[    0.000000] Hypervisor detected: KVM
[    0.000000] e820: last_pfn = 0x3fff0 max_arch_pfn = 0x400000000
[    0.000000] MTRR: Disabled
[    0.000000] x86/PAT: MTRRs disabled, skipping PAT initialization too.
[    0.000000] x86/PAT: Configuration [0-7]: WB  WT  UC- UC  WB  WT  UC- UC  
[    0.000000] CPU MTRRs all blank - virtualized system.
[    0.000000] found SMP MP-table at [mem 0x0009fff0-0x0009ffff] mapped at [ffff88000009fff0]
[    0.000000] Scanning 1 areas for low memory corruption
[    0.000000] RAMDISK: [mem 0x36ac4000-0x37559fff]
[    0.000000] ACPI: Early table checksum verification disabled
[    0.000000] ACPI: RSDP 0x00000000000E0000 000024 (v02 VBOX  )
[    0.000000] ACPI: XSDT 0x000000003FFF0030 00003C (v01 VBOX   VBOXXSDT 00000001 ASL  00000061)
[    0.000000] ACPI: FACP 0x000000003FFF00F0 0000F4 (v04 VBOX   VBOXFACP 00000001 ASL  00000061)
[    0.000000] ACPI: DSDT 0x000000003FFF0470 0021C8 (v02 VBOX   VBOXBIOS 00000002 INTL 20100528)
[    0.000000] ACPI: FACS 0x000000003FFF0200 000040
[    0.000000] ACPI: FACS 0x000000003FFF0200 000040
[    0.000000] ACPI: APIC 0x000000003FFF0240 00005C (v02 VBOX   VBOXAPIC 00000001 ASL  00000061)
[    0.000000] ACPI: SSDT 0x000000003FFF02A0 0001CC (v01 VBOX   VBOXCPUT 00000002 INTL 20100528)
[    0.000000] No NUMA configuration found
[    0.000000] Faking a node at [mem 0x0000000000000000-0x000000003ffeffff]
[    0.000000] NODE_DATA(0) allocated [mem 0x3ffeb000-0x3ffeffff]
[    0.000000] kvm-clock: Using msrs 4b564d01 and 4b564d00
[    0.000000] kvm-clock: cpu 0, msr 0:3ffe3001, primary cpu clock
[    0.000000] kvm-clock: using sched offset of 2965868766 cycles
[    0.000000] clocksource: kvm-clock: mask: 0xffffffffffffffff max_cycles: 0x1cd42e4dffb, max_idle_ns: 881590591483 ns
[    0.000000] Zone ranges:
[    0.000000]   DMA      [mem 0x0000000000001000-0x0000000000ffffff]
[    0.000000]   DMA32    [mem 0x0000000001000000-0x000000003ffeffff]
[    0.000000]   Normal   empty
[    0.000000]   Device   empty
[    0.000000] Movable zone start for each node
[    0.000000] Early memory node ranges
[    0.000000]   node   0: [mem 0x0000000000001000-0x000000000009efff]
[    0.000000]   node   0: [mem 0x0000000000100000-0x000000003ffeffff]
[    0.000000] Initmem setup node 0 [mem 0x0000000000001000-0x000000003ffeffff]
[    0.000000] ACPI: PM-Timer IO Port: 0x4008
[    0.000000] IOAPIC[0]: apic_id 2, version 32, address 0xfec00000, GSI 0-23
[    0.000000] ACPI: INT_SRC_OVR (bus 0 bus_irq 0 global_irq 2 dfl dfl)
[    0.000000] ACPI: INT_SRC_OVR (bus 0 bus_irq 9 global_irq 9 high level)
[    0.000000] Using ACPI (MADT) for SMP configuration information
[    0.000000] smpboot: Allowing 2 CPUs, 0 hotplug CPUs
[    0.000000] PM: Registered nosave memory: [mem 0x00000000-0x00000fff]
[    0.000000] PM: Registered nosave memory: [mem 0x0009f000-0x0009ffff]
[    0.000000] PM: Registered nosave memory: [mem 0x000a0000-0x000effff]
[    0.000000] PM: Registered nosave memory: [mem 0x000f0000-0x000fffff]
[    0.000000] e820: [mem 0x40000000-0xfebfffff] available for PCI devices
[    0.000000] Booting paravirtualized kernel on KVM
[    0.000000] clocksource: refined-jiffies: mask: 0xffffffff max_cycles: 0xffffffff, max_idle_ns: 7645519600211568 ns
[    0.000000] setup_percpu: NR_CPUS:512 nr_cpumask_bits:512 nr_cpu_ids:2 nr_node_ids:1
[    0.000000] PERCPU: Embedded 33 pages/cpu @ffff88003fc00000 s98264 r8192 d28712 u1048576
[    0.000000] PV qspinlock hash table entries: 256 (order: 0, 4096 bytes)
[    0.000000] Built 1 zonelists in Node order, mobility grouping on.  Total pages: 257913
[    0.000000] Policy zone: DMA32
[    0.000000] Kernel command line: BOOT_IMAGE=/boot/vmlinuz-4.4.0-89-generic root=LABEL=cloudimg-rootfs ro console=tty1 console=ttyS0
[    0.000000] PID hash table entries: 4096 (order: 3, 32768 bytes)
[    0.000000] Memory: 1001736K/1048120K available (8474K kernel code, 1294K rwdata, 3984K rodata, 1488K init, 1316K bss, 46384K reserved, 0K cma-reserved)
[    0.000000] SLUB: HWalign=64, Order=0-3, MinObjects=0, CPUs=2, Nodes=1
[    0.000000] Hierarchical RCU implementation.
[    0.000000] 	Build-time adjustment of leaf fanout to 64.
[    0.000000] 	RCU restricting CPUs from NR_CPUS=512 to nr_cpu_ids=2.
[    0.000000] RCU: Adjusting geometry for rcu_fanout_leaf=64, nr_cpu_ids=2
[    0.000000] NR_IRQS:33024 nr_irqs:440 16
[    0.000000] Console: colour VGA+ 80x25
[    0.000000] console [tty1] enabled
[    0.000000] console [ttyS0] enabled
[    0.000000] tsc: Detected 2494.226 MHz processor
[    7.070880] Calibrating delay loop (skipped) preset value.. 4988.45 BogoMIPS (lpj=9976904)
[    7.101112] pid_max: default: 32768 minimum: 301
[    7.105575] ACPI: Core revision 20150930
[    7.124355] ACPI: 2 ACPI AML tables successfully acquired and loaded
[    7.139239] Security Framework initialized
[    7.143149] Yama: becoming mindful.
[    7.151429] AppArmor: AppArmor initialized
[    7.171529] Dentry cache hash table entries: 131072 (order: 8, 1048576 bytes)
[    7.215103] Inode-cache hash table entries: 65536 (order: 7, 524288 bytes)
[    7.263402] Mount-cache hash table entries: 2048 (order: 2, 16384 bytes)
[    7.302713] Mountpoint-cache hash table entries: 2048 (order: 2, 16384 bytes)
[    7.363914] Initializing cgroup subsys io
[    7.406365] Initializing cgroup subsys memory
[    7.444464] Initializing cgroup subsys devices
[    7.474383] Initializing cgroup subsys freezer
[    7.510116] Initializing cgroup subsys net_cls
[    7.536276] Initializing cgroup subsys perf_event
[    7.562345] Initializing cgroup subsys net_prio
[    7.597755] Initializing cgroup subsys hugetlb
[    7.626507] Initializing cgroup subsys pids
[    7.648657] CPU: Physical Processor ID: 0
[    7.684163] CPU: Processor Core ID: 0
[    7.727937] mce: CPU supports 0 MCE banks
[    7.743513] Last level iTLB entries: 4KB 1024, 2MB 1024, 4MB 1024
[    7.790977] Last level dTLB entries: 4KB 1024, 2MB 1024, 4MB 1024, 1GB 4
[    7.820740] Freeing SMP alternatives memory: 32K (ffffffff820b9000 - ffffffff820c1000)
[    7.906509] ftrace: allocating 32131 entries in 126 pages
[    7.969987] smpboot: APIC(0) Converting physical 0 to logical package 0
[    8.013937] smpboot: Max logical packages: 1
[    8.039920] x2apic enabled
[    8.059629] Switched APIC routing to physical x2apic.
[    8.100487] ..TIMER: vector=0x30 apic1=0 pin1=2 apic2=-1 pin2=-1
[    8.254064] smpboot: CPU0: Intel(R) Core(TM) i7-4870HQ CPU @ 2.50GHz (family: 0x6, model: 0x46, stepping: 0x1)
[    8.334513] Performance Events: unsupported p6 CPU model 70 no PMU driver, software events only.
[    8.414755] KVM setup paravirtual spinlock
[    8.439657] x86: Booting SMP configuration:
[    8.493826] .... node  #0, CPUs:      #1
[    8.524166] kvm-clock: cpu 1, msr 0:3ffe3041, secondary cpu clock
[    8.554390] mce: CPU supports 0 MCE banks
[    8.571579] x86: Booted up 1 node, 2 CPUs
[    8.600039] smpboot: Total of 2 processors activated (9976.90 BogoMIPS)
[    8.638165] devtmpfs: initialized
[    8.662673] evm: security.selinux
[    8.678723] evm: security.SMACK64
[    8.694796] evm: security.SMACK64EXEC
[    8.715898] evm: security.SMACK64TRANSMUTE
[    8.732272] evm: security.SMACK64MMAP
[    8.756885] evm: security.ima
[    8.782472] evm: security.capability
[    8.812417] clocksource: jiffies: mask: 0xffffffff max_cycles: 0xffffffff, max_idle_ns: 7645041785100000 ns
[    8.873342] futex hash table entries: 512 (order: 3, 32768 bytes)
[    8.911061] pinctrl core: initialized pinctrl subsystem
[    8.954599] RTC time: 20:54:51, date: 08/08/17
[    8.984489] NET: Registered protocol family 16
[    9.026575] cpuidle: using governor ladder
[    9.058314] cpuidle: using governor menu
[    9.083010] PCCT header not found.
[    9.109708] ACPI: bus type PCI registered
[    9.150807] acpiphp: ACPI Hot Plug PCI Controller Driver version: 0.5
[    9.192898] PCI: Using configuration type 1 for base access
[    9.242842] ACPI: Added _OSI(Module Device)
[    9.279266] ACPI: Added _OSI(Processor Device)
[    9.302814] ACPI: Added _OSI(3.0 _SCP Extensions)
[    9.336212] ACPI: Added _OSI(Processor Aggregator Device)
[    9.376653] ACPI: Executed 1 blocks of module-level executable AML code
[    9.425713] ACPI: Interpreter enabled
[    9.439039] ACPI: (supports S0 S5)
[    9.459290] ACPI: Using IOAPIC for interrupt routing
[    9.476454] PCI: Using host bridge windows from ACPI; if necessary, use "pci=nocrs" and report a bug
[    9.541577] ACPI: PCI Root Bridge [PCI0] (domain 0000 [bus 00-ff])
[    9.579879] acpi PNP0A03:00: _OSC: OS supports [ASPM ClockPM Segments MSI]
[    9.640030] acpi PNP0A03:00: _OSC failed (AE_NOT_FOUND); disabling ASPM
[    9.691210] acpi PNP0A03:00: fail to add MMCONFIG information, can't access extended PCI configuration space under this bridge.
[    9.778688] PCI host bridge to bus 0000:00
[    9.797380] pci_bus 0000:00: root bus resource [io  0x0000-0x0cf7 window]
[    9.838075] pci_bus 0000:00: root bus resource [io  0x0d00-0xffff window]
[    9.892634] pci_bus 0000:00: root bus resource [mem 0x000a0000-0x000bffff window]
[    9.940235] pci_bus 0000:00: root bus resource [mem 0x40000000-0xffdfffff window]
[    9.988750] pci_bus 0000:00: root bus resource [bus 00-ff]
[   10.023142] pci 0000:00:01.1: legacy IDE quirk: reg 0x10: [io  0x01f0-0x01f7]
[   10.066426] pci 0000:00:01.1: legacy IDE quirk: reg 0x14: [io  0x03f6]
[   10.095104] pci 0000:00:01.1: legacy IDE quirk: reg 0x18: [io  0x0170-0x0177]
[   10.139112] pci 0000:00:01.1: legacy IDE quirk: reg 0x1c: [io  0x0376]
[   10.192583] pci 0000:00:07.0: quirk: [io  0x4000-0x403f] claimed by PIIX4 ACPI
[   10.239171] pci 0000:00:07.0: quirk: [io  0x4100-0x410f] claimed by PIIX4 SMB
[   10.288003] ACPI: PCI Interrupt Link [LNKA] (IRQs 5 9 10 *11)
[   10.336950] ACPI: PCI Interrupt Link [LNKB] (IRQs 5 9 10 *11)
[   10.372643] ACPI: PCI Interrupt Link [LNKC] (IRQs 5 9 *10 11)
[   10.409642] ACPI: PCI Interrupt Link [LNKD] (IRQs 5 *9 10 11)
[   10.440347] ACPI: Enabled 2 GPEs in block 00 to 07
[   10.471149] vgaarb: setting as boot device: PCI:0000:00:02.0
[   10.500048] vgaarb: device added: PCI:0000:00:02.0,decodes=io+mem,owns=io+mem,locks=none
[   10.563284] vgaarb: loaded
[   10.583569] vgaarb: bridge control possible 0000:00:02.0
[   10.609348] SCSI subsystem initialized
[   10.637563] ACPI: bus type USB registered
[   10.672062] usbcore: registered new interface driver usbfs
[   10.711418] usbcore: registered new interface driver hub
[   10.751409] usbcore: registered new device driver usb
[   10.789707] PCI: Using ACPI for IRQ routing
[   10.814177] NetLabel: Initializing
[   10.834170] NetLabel:  domain hash size = 128
[   10.858068] NetLabel:  protocols = UNLABELED CIPSOv4
[   10.883339] NetLabel:  unlabeled traffic allowed by default
[   10.911307] amd_nb: Cannot enumerate AMD northbridges
[   10.934605] clocksource: Switched to clocksource kvm-clock
[   10.955541] AppArmor: AppArmor Filesystem Enabled
[   10.981160] pnp: PnP ACPI init
[   11.007091] pnp: PnP ACPI: found 3 devices
[   11.037979] clocksource: acpi_pm: mask: 0xffffff max_cycles: 0xffffff, max_idle_ns: 2085701024 ns
[   11.067651] NET: Registered protocol family 2
[   11.092104] TCP established hash table entries: 8192 (order: 4, 65536 bytes)
[   11.143051] TCP bind hash table entries: 8192 (order: 5, 131072 bytes)
[   11.226095] TCP: Hash tables configured (established 8192 bind 8192)
[   11.332253] UDP hash table entries: 512 (order: 2, 16384 bytes)
[   11.434629] UDP-Lite hash table entries: 512 (order: 2, 16384 bytes)
[   11.522240] NET: Registered protocol family 1
[   11.578606] pci 0000:00:00.0: Limiting direct PCI/PCI transfers
[   11.675328] pci 0000:00:01.0: Activating ISA DMA hang workarounds
[   11.771585] Unpacking initramfs...
[   13.532700] Freeing initrd memory: 10840K (ffff880036ac4000 - ffff88003755a000)
[   13.637992] platform rtc_cmos: registered platform RTC device (no PNP device found)
[   13.639393] Scanning for low memory corruption every 60 seconds
[   13.640823] audit: initializing netlink subsys (disabled)
[   13.731401] audit: type=2000 audit(1502225691.254:1): initialized
[   13.850460] Initialise system trusted keyring
[   13.930473] HugeTLB registered 2 MB page size, pre-allocated 0 pages
[   14.053909] zbud: loaded
[   14.085843] VFS: Disk quotas dquot_6.6.0
[   14.133067] VFS: Dquot-cache hash table entries: 512 (order 0, 4096 bytes)
[   14.186114] squashfs: version 4.0 (2009/01/31) Phillip Lougher
[   14.287211] fuse init (API version 7.23)
[   14.302939] Key type big_key registered
[   14.344963] Allocating IMA MOK and blacklist keyrings.
[   14.501457] Key type asymmetric registered
[   14.614093] Asymmetric key parser 'x509' registered
[   14.616355] Block layer SCSI generic (bsg) driver version 0.4 loaded (major 249)
[   14.637779] tsc: Refined TSC clocksource calibration: 2497.398 MHz
[   14.634781] clocksource: tsc: mask: 0xffffffffffffffff max_cycles: 0x23ff9ff5003, max_idle_ns: 440795279172 ns
[   15.186819] io scheduler noop registered
[   15.262300] io scheduler deadline registered (default)
[   15.355452] io scheduler cfq registered
[   15.370389] pci_hotplug: PCI Hot Plug PCI Core version: 0.5
[   15.385758] pciehp: PCI Express Hot Plug Controller Driver version: 0.4
[   15.396585] ACPI: AC Adapter [AC] (on-line)
[   15.407299] input: Power Button as /devices/LNXSYSTM:00/LNXPWRBN:00/input/input0
[   15.410268] ACPI: Power Button [PWRF]
[   15.411192] input: Sleep Button as /devices/LNXSYSTM:00/LNXSLPBN:00/input/input1
[   15.412410] ACPI: Sleep Button [SLPF]
[   15.413910] ACPI: Battery Slot [BAT0] (battery present)
[   15.523304] GHES: HEST is not enabled!
[   15.611002] Serial: 8250/16550 driver, 32 ports, IRQ sharing enabled
ÿ[   15.807874] 00:02: ttyS0 at I/O 0x3f8 (irq = 4, base_baud = 115200) is a 16550A
[   16.002489] Linux agpgart interface v0.103
[   16.098486] loop: module loaded
[   16.204329] scsi host0: ata_piix
[   16.269078] scsi host1: ata_piix
[   16.348999] ata1: PATA max UDMA/33 cmd 0x1f0 ctl 0x3f6 bmdma 0xd000 irq 14
[   16.468006] ata2: PATA max UDMA/33 cmd 0x170 ctl 0x376 bmdma 0xd008 irq 15
[   16.493011] libphy: Fixed MDIO Bus: probed
[   16.508813] tun: Universal TUN/TAP device driver, 1.6
[   16.517193] tun: (C) 1999-2004 Max Krasnyansky <maxk@qualcomm.com>
[   16.616898] PPP generic driver version 2.4.2
[   16.735436] ehci_hcd: USB 2.0 'Enhanced' Host Controller (EHCI) Driver
[   16.981045] ehci-pci: EHCI PCI platform driver
[   17.079408] ehci-platform: EHCI generic platform driver
[   17.191552] ohci_hcd: USB 1.1 'Open' Host Controller (OHCI) Driver
[   17.265946] ohci-pci: OHCI PCI platform driver
[   17.315279] ohci-platform: OHCI generic platform driver
[   17.389378] uhci_hcd: USB Universal Host Controller Interface driver
[   17.477677] i8042: PNP: PS/2 Controller [PNP0303:PS2K,PNP0f03:PS2M] at 0x60,0x64 irq 1,12
[   17.583342] serio: i8042 KBD port at 0x60,0x64 irq 1
[   17.594154] serio: i8042 AUX port at 0x60,0x64 irq 12
[   17.601740] mousedev: PS/2 mouse device common for all mice
[   17.611943] input: AT Translated Set 2 keyboard as /devices/platform/i8042/serio0/input/input2
[   17.633253] rtc_cmos rtc_cmos: rtc core: registered rtc_cmos as rtc0
[   17.635903] rtc_cmos rtc_cmos: alarms up to one day, 114 bytes nvram
[   17.639553] i2c /dev entries driver
[   17.698905] device-mapper: uevent: version 1.0.3
[   17.800823] device-mapper: ioctl: 4.34.0-ioctl (2015-10-28) initialised: dm-devel@redhat.com
[   18.042570] ledtrig-cpu: registered to indicate activity on CPUs
[   18.212562] NET: Registered protocol family 10
[   18.371825] NET: Registered protocol family 17
[   18.554726] Key type dns_resolver registered
[   18.614190] microcode: CPU0 sig=0x40661, pf=0x40, revision=0x0
[   18.681054] microcode: CPU1 sig=0x40661, pf=0x40, revision=0x0
[   18.705644] microcode: Microcode Update Driver: v2.01 <tigran@aivazian.fsnet.co.uk>, Peter Oruba
[   18.750280] registered taskstats version 1
[   18.826188] Loading compiled-in X.509 certificates
[   18.964239] Loaded X.509 cert 'Build time autogenerated kernel key: 420a71e958a947963108b13c1c2e45412a03ca90'
[   19.295324] zswap: loaded using pool lzo/zbud
[   19.473467] Key type trusted registered
[   19.587081] Key type encrypted registered
[   19.647445] AppArmor: AppArmor sha1 policy hashing enabled
[   19.781676] ima: No TPM chip found, activating TPM-bypass!
[   19.817526] evm: HMAC attrs: 0x1
[   19.837101]   Magic number: 13:625:952
[   19.846713] tty tty9: hash matches
[   19.860036] memory memory5: hash matches
[   19.963962] rtc_cmos rtc_cmos: setting system clock to 2017-08-08 20:55:02 UTC (1502225702)
[   20.179057] BIOS EDD facility v0.16 2004-Jun-25, 0 devices found
[   20.415502] EDD information not available.
[   20.579999] Freeing unused kernel memory: 1488K (ffffffff81f45000 - ffffffff820b9000)
[   20.771861] Write protecting the kernel read-only data: 14336k
[   20.912098] Freeing unused kernel memory: 1752K (ffff88000184a000 - ffff880001a00000)
[   20.975117] Freeing unused kernel memory: 112K (ffff880001de4000 - ffff880001e00000)
Loading, please wait...
[   21.215742] random: systemd-udevd: uninitialized urandom read (16 bytes read, 4 bits of entropy available)
starting version[   21.216235] random: udevadm: uninitialized urandom read (16 bytes read, 4 bits of entropy available)
 229
[   21.216262] random: udevadm: uninitialized urandom read (16 bytes read, 4 bits of entropy available)
[   21.216347] random: udevadm: uninitialized urandom read (16 bytes read, 4 bits of entropy available)
[   21.216379] random: udevadm: uninitialized urandom read (16 bytes read, 4 bits of entropy available)
[   21.216408] random: udevadm: uninitialized urandom read (16 bytes read, 4 bits of entropy available)
[   21.216438] random: udevadm: uninitialized urandom read (16 bytes read, 4 bits of entropy available)
[   21.216467] random: udevadm: uninitialized urandom read (16 bytes read, 4 bits of entropy available)
[   21.216496] random: udevadm: uninitialized urandom read (16 bytes read, 4 bits of entropy available)
[   21.216523] random: udevadm: uninitialized urandom read (16 bytes read, 4 bits of entropy available)
[   22.645783] Fusion MPT base driver 3.04.20
[   22.734301] Copyright (c) 1999-2008 LSI Corporation
[   22.834236] e1000: Intel(R) PRO/1000 Network Driver - version 7.3.21-k8-NAPI
[   23.071693] e1000: Copyright (c) 1999-2006 Intel Corporation.
[   23.160838] Fusion MPT SPI Host driver 3.04.20
[   23.202815] AVX version of gcm_enc/dec engaged.
[   23.369221] AES CTR mode by8 optimization enabled
[   23.569155] input: ImExPS/2 Generic Explorer Mouse as /devices/platform/i8042/serio1/input/input4
[   23.823542] e1000 0000:00:03.0 eth0: (PCI:33MHz:32-bit) 02:c0:e2:3c:71:11
[   24.055688] e1000 0000:00:03.0 eth0: Intel(R) PRO/1000 Network Connection
[   24.248241] e1000 0000:00:03.0 enp0s3: renamed from eth0
[   24.316528] mptbase: ioc0: Initiating bringup
[   24.475095] ioc0: LSI53C1030 A0: Capabilities={Initiator}
[   24.745598] scsi host2: ioc0: LSI53C1030 A0, FwRev=00000000h, Ports=1, MaxQ=256, IRQ=20
[   24.923423] scsi 2:0:0:0: Direct-Access     VBOX     HARDDISK         1.0  PQ: 0 ANSI: 5
[   24.992503] scsi target2:0:0: Beginning Domain Validation
[   25.052399] scsi target2:0:0: Domain Validation skipping write tests
[   25.176811] scsi target2:0:0: Ending Domain Validation
[   25.247762] scsi target2:0:0: asynchronous
[   25.309756] scsi 2:0:1:0: Direct-Access     VBOX     HARDDISK         1.0  PQ: 0 ANSI: 5
[   25.340916] scsi target2:0:1: Beginning Domain Validation
[   25.396604] scsi target2:0:1: Domain Validation skipping write tests
[   25.445186] scsi target2:0:1: Ending Domain Validation
[   25.513270] scsi target2:0:1: asynchronous
[   25.585397] sd 2:0:0:0: [sda] 20971520 512-byte logical blocks: (10.7 GB/10.0 GiB)
[   25.586830] sd 2:0:0:0: Attached scsi generic sg0 type 0
[   25.586832] sd 2:0:0:0: [sda] Write Protect is off
[   25.588463] sd 2:0:0:0: [sda] Incomplete mode parameter data
[   25.611502] sd 2:0:0:0: [sda] Assuming drive cache: write through
[   25.615375] sd 2:0:1:0: Attached scsi generic sg1 type 0
[   25.615625] sd 2:0:1:0: [sdb] 20480 512-byte logical blocks: (10.5 MB/10.0 MiB)
[   25.615871] sd 2:0:1:0: [sdb] Write Protect is off
[   25.615970] sd 2:0:1:0: [sdb] Incomplete mode parameter data
[   25.615971] sd 2:0:1:0: [sdb] Assuming drive cache: write through
[   25.617768] sd 2:0:1:0: [sdb] Attached SCSI disk
[   26.046744] floppy0: no floppy controllers found
[   26.046781] work still pending
[   26.520151]  sda: sda1
[   26.530857] sd 2:0:0:0: [sda] Attached SCSI disk
Begin: Loading e[   27.865443] md: linear personality registered for level -1
ssential drivers[   28.021253] md: multipath personality registered for level -4
 ... [   28.089427] md: raid0 personality registered for level 0
[   28.118803] md: raid1 personality registered for level 1
[   28.230759] raid6: sse2x1   gen()  9475 MB/s
[   28.318916] raid6: sse2x1   xor()  7455 MB/s
[   28.462942] raid6: sse2x2   gen() 12312 MB/s
[   28.643020] raid6: sse2x2   xor()  8269 MB/s
[   28.782747] raid6: sse2x4   gen() 14164 MB/s
[   28.866902] raid6: sse2x4   xor() 10335 MB/s
[   29.029238] raid6: using algorithm sse2x4 gen() 14164 MB/s
[   29.234232] raid6: .... xor() 10335 MB/s, rmw enabled
[   29.403971] raid6: using ssse3x2 recovery algorithm
[   29.566731] xor: automatically using best checksumming function:
[   29.662613]    avx       : 23673.000 MB/sec
[   29.735894] async_tx: api initialized (async)
[   29.778106] md: raid6 personality registered for level 6
[   29.868737] md: raid5 personality registered for level 5
[   29.912020] md: raid4 personality registered for level 4
[   29.927464] md: raid10 personality registered for level 10
done.
Begin: Running /scripts/init-p[   30.125222] Btrfs loaded
remount ... done.
Begin: Mounting root file system ... Begin: Running /scripts/local-top ... done.
Begin: Running /scripts/local-premount ... Scanning for Btr[   30.215277] EXT4-fs (sda1): mounted filesystem with ordered data mode. Opts: (null)
fs filesystems
done.
Warning: fsck not present, so skipping root file system
done.
Begin: Running /scripts/local-bottom ... done.
Begin: Running /scripts/init-bottom ... done.
[   30.550668] systemd[1]: systemd 229 running in system mode. (+PAM +AUDIT +SELINUX +IMA +APPARMOR +SMACK +SYSVINIT +UTMP +LIBCRYPTSETUP +GCRYPT +GNUTLS +ACL +XZ -LZ4 +SECCOMP +BLKID +ELFUTILS +KMOD -IDN)
[   30.875856] systemd[1]: Detected virtualization oracle.
[   30.967523] systemd[1]: Detected architecture x86-64.

Welcome to [1mUbuntu 16.04.3 LTS[0m!

[   31.039369] systemd[1]: Set hostname to <ubuntu>.
[   31.141212] systemd[1]: Initializing machine ID from random generator.
[   31.265537] systemd[1]: Installed transient /etc/machine-id file.
[   31.459607] systemd[1]: Created slice User and Session Slice.
[[0;32m  OK  [0m] Created slice User and Session Slice.
[   31.571353] systemd[1]: Set up automount Arbitrary Executable File Formats File System Automount Point.
[[0;32m  OK  [0m] Set up automount Arbitrary Executab...ats File System Automount Point.
[   31.622776] systemd[1]: Reached target User and Group Name Lookups.
[[0;32m  OK  [0m] Reached target User and Group Name Lookups.
[   31.655194] systemd[1]: Listening on Journal Socket.
[[0;32m  OK  [0m] Listening on Journal Socket.
[   31.819693] systemd[1]: Started Trigger resolvconf update for networkd DNS.
[[0;32m  OK  [0m] Started Trigger resolvconf update for networkd DNS.
[   32.066989] systemd[1]: Listening on udev Kernel Socket.
[[0;32m  OK  [0m] Listening on udev Kernel Socket.
[   32.203263] systemd[1]: Listening on /dev/initctl Compatibility Named Pipe.
[[0;32m  OK  [0m] Listening on /dev/initctl Compatibility Named Pipe.
[   32.431633] systemd[1]: Created slice System Slice.
[[0;32m  OK  [0m] Created slice System Slice.
[   32.558830] systemd[1]: Mounting POSIX Message Queue File System...
         Mounting POSIX Message Queue File System...
[   32.679236] systemd[1]: Created slice system-serial\x2dgetty.slice.
[[0;32m  OK  [0m] Created slice system-serial\x2dgetty.slice.
[   32.907334] systemd[1]: Reached target Slices.
[[0;32m  OK  [0m] Reached target Slices.
[   33.031611] systemd[1]: Reached target Swap.
[[0;32m  OK  [0m] Reached target Swap.
[   33.167541] random: nonblocking pool is initialized
[   33.254897] systemd[1]: Starting Load Kernel Modules...
         Starting Load Ke[   33.329694] Loading iSCSI transport class v2.0-870.
rnel Modules...[   33.519295] iscsi: registered transport (tcp)

[   33.625665] systemd[1]: Listening on LVM2 metadata daemon socket.
[[0;32m  OK  [0m] Listening on [   33.763537] iscsi: registered transport (iser)
LVM2 metadata daemon socket.
[   33.903620] systemd[1]: Starting Set console keymap...
         Starting Set console keymap...
[   34.071380] systemd[1]: Reached target Encrypted Volumes.
[[0;32m  OK  [0m] Reached target Encrypted Volumes.
[   34.243191] systemd[1]: Mounting Huge Pages File System...
         Mounting Huge Pages File System...
[   34.344637] systemd[1]: Starting Remount Root and Kernel File Systems...
         [   34.421306] EXT4-fs (sda1): re-mounted. Opts: (null)
Starting Remount Root and Kernel File Systems...
[   34.571248] systemd[1]: Listening on Journal Socket (/dev/log).
[[0;32m  OK  [0m] Listening on Journal Socket (/dev/log).
[   34.743172] systemd[1]: Starting Uncomplicated firewall...
         Starting Uncomplicated firewall...
[   34.891018] systemd[1]: Started Forward Password Requests to Wall Directory Watch.
[[0;32m  OK  [0m] Started Forward Password Requests to Wall Directory Watch.
[   35.042967] systemd[1]: Starting Nameserver information manager...
         Starting Nameserver information manager...
[   35.243514] systemd[1]: Starting Create list of required static device nodes for the current kernel...
         Starting Create list of required st... nodes for the current kernel...
[   35.426875] systemd[1]: Listening on Syslog Socket.
[[0;32m  OK  [0m] Listening on Syslog Socket.
[   35.567485] systemd[1]: Listening on udev Control Socket.
[[0;32m  OK  [0m] Listening on udev Control Socket.
[   35.708619] systemd[1]: Listening on LVM2 poll daemon socket.
[[0;32m  OK  [0m] Listening on LVM2 poll daemon socket.
[   35.911322] systemd[1]: Listening on Device-mapper event daemon FIFOs.
[[0;32m  OK  [0m] Listening on Device-mapper event daemon FIFOs.
[   36.131067] systemd[1]: Starting Monitoring of LVM2 mirrors, snapshots etc. using dmeventd or progress polling...
         Starting Monitoring of LVM2 mirrors... dmeventd or progress polling...
[   36.319098] systemd[1]: Listening on Journal Audit Socket.
[[0;32m  OK  [0m] Listening on Journal Audit Socket.
[   36.514800] systemd[1]: Starting Journal Service...
         Starting Journal Service...
[   36.587403] systemd[1]: Mounting Debug File System...
         Mounting Debug File System...
[   36.601392] systemd[1]: Mounted POSIX Message Queue File System.
[[0;32m  OK  [0m] Mounted POSIX Message Queue File System.
[   36.655400] systemd[1]: Mounted Huge Pages File System.
[[0;32m  OK  [0m] Mounted Huge Pages File System.
[   36.819369] systemd[1]: Mounted Debug File System.
[[0;32m  OK  [0m] Mounted Debug File System.
[   36.959116] systemd[1]: Started Journal Service.
[[0;32m  OK  [0m] Started Journal Service.
[[0;32m  OK  [0m] Started Load Kernel Modules.
[[0;32m  OK  [0m] Started Set console keymap.
[[0;32m  OK  [0m] Started Remount Root and Kernel File Systems.
[[0;32m  OK  [0m] Started Uncomplicated firewall.
[[0;32m  OK  [0m] Started Create list of required sta...ce nodes for the current kernel.
[[0;32m  OK  [0m] Started Nameserver information manager.
[[0;32m  OK  [0m] Started LVM2 metadata daemon.
         Starting Create Static Device Nodes in /dev...
         Starting Initial cloud-init job (pre-networking)...
         Starting Load/Save Random Seed...
         Starting udev Coldplug all Devices...
         Mounting FUSE Control File System...
         Starting Apply Kernel Variables...
         Starting Flush Journal to Persistent Storage...
[[0;32m  OK  [0m] Mounted FUSE Control File System.
[[0;32m  OK  [0m] Started Create Static Device Nodes in /dev.
[[0;32m  OK  [0m] Started Load/Save Random Seed.
[[0;32m  OK  [0m] Started Apply Kernel Variables.
[[0;32m  OK  [0m] Started udev Coldplug all Devices.
[[0;32m  OK  [0m] Started Flush Journal to Persistent Storage.
         Starting udev Kernel Device Manager...
[[0;32m  OK  [0m] Started udev Kernel Device Manager.
[[0;32m  OK  [0m] Started Monitoring of LVM2 mirrors,...ng dmeventd or progress polling.
[[0;32m  OK  [0m] Found device /dev/ttyS0.
[[0;32m  OK  [0m] Reached target Local File Systems (Pre).
[[0;32m  OK  [0m] Reached target Local File Systems.
[   27.831872] cloud-init[447]: Cloud-init v. 0.7.9 running 'init-local' at Tue, 08 Aug 2017 20:55:20 +0000. Up 27.59 seconds.
         Starting Commit a transient machine-id on disk...
         Starting Tell Plymouth To Write Out Runtime Data...
         Starting Set console font and keymap...
         Starting Create Volatile Files and Directories...
         Starting LSB: AppArmor initialization...
[[0;32m  OK  [0m] Started Dispatch Password Requests to Console Directory Watch.
[[0;32m  OK  [0m] Started Commit a transient machine-id on disk.
[[0;32m  OK  [0m] Started Tell Plymouth To Write Out Runtime Data.
[[0;1;31mFAILED[0m] Failed to start Set console font and keymap.
See 'systemctl status console-setup.service' for details.
[[0;32m  OK  [0m] Started Create Volatile Files and Directories.
[[0;32m  OK  [0m] Started Initial cloud-init job (pre-networking).
[[0;32m  OK  [0m] Listening on Load/Save RF Kill Switch Status /dev/rfkill Watch.
[[0;32m  OK  [0m] Reached target Network (Pre).
         Starting Update UTMP about System Boot/Shutdown...
[[0;32m  OK  [0m] Reached target System Time Synchronized.
[[0;32m  OK  [0m] Created slice system-getty.slice.
[[0;32m  OK  [0m] Started Update UTMP about System Boot/Shutdown.
[[0;32m  OK  [0m] Started LSB: AppArmor initialization.
         Starting Raise network interfaces...
[[0;32m  OK  [0m] Started Raise network interfaces.
         Starting Initial cloud-init job (metadata service crawler)...
[[0;32m  OK  [0m] Reached target Network.
[   31.739978] cloud-init[904]: Cloud-init v. 0.7.9 running 'init' at Tue, 08 Aug 2017 20:55:24 +0000. Up 31.17 seconds.
[[0;32m  OK  [0m] Started Initial cloud-init job (metadata service crawler).
[[0;32m  OK  [0m] Reached target Network is Online.
[   31.826259] cloud-init[904]: ci-info: +++++++++++++++++++++++++++++++++++++Net device info++++++++++++++++++++++++++++++++++++++
         Starting iSCSI initiator daemon (iscsid)...
[[0;32m  OK  [0m] Reached target System Initialization.
         Starting Socket activation for snappy daemon.
[[0;32m  OK  [0m] Listening on ACPID Listen Socket.
[   31.945365] cloud-init[904]: ci-info: +--------+------+----------------------------+---------------+-------+-------------------+
[   32.180535] [cloud-init[0;32m  OK  [0m[904]: ] ci-info: | Device |  Up  |          Address           |      Mask     | Scope |     Hw-Address    |Listening on UUID daemon activation socket.

[   32.181085] cloud-init[904]: ci-info: +--------+------+----------------------------+---------------+-------+-------------------+
[   32.412481] [cloud-init[0;32m  OK  [0m[904]: ] ci-info: | enp0s3 | True |         10.0.2.15          | 255.255.255.0 |   .   | 02:c0:e2:3c:71:11 |Started ACPI Events Check.

[[0;32m  OK  [0m] Reached target Paths.
[[0;32m  OK  [0m] Listening on D-Bus System Message Bus Socket.
[   32.412956] cloud-init[904]: ci-info: | enp0s3 | True | fe80::c0:e2ff:fe3c:7111/64 |       .       |  link | 02:c0:e2:3c:71:11 |
[   32.712593] [cloud-init[0;32m  OK  [0m[904]: ] ci-info: |   lo   | True |         127.0.0.1          |   255.0.0.0   |   .   |         .         |Started Daily apt download activities.

[[0;32m  OK  [0m] Started Timer to automatically refresh installed snaps.
[[0;32m  OK  [0m] Started Daily Cleanup of Temporary Directories.
[   32.713049] cloud-init[904]: ci-info: |   lo   | True |          ::1/128           |       .       |  host |         .         |
[   33.032425] [cloud-init[0;32m  OK  [0m[904]: ] ci-info: +--------+------+----------------------------+---------------+-------+-------------------+Started Daily apt upgrade and clean activities.

[   33.033117] [cloud-init[0;32m  OK  [0m[904]: ] ci-info: +++++++++++++++++++++++++++Route IPv4 info++++++++++++++++++++++++++++Reached target Timers.

[   33.208596]          cloud-initStarting LXD - unix socket.[904]: 
ci-info: +-------+-------------+----------+---------------+-----------+-------+
[   33.280492] [cloud-init[0;32m  OK  [0m[904]: ] ci-info: | Route | Destination | Gateway  |    Genmask    | Interface | Flags |Reached target Cloud-config availability.

[   33.280908] cloud-init[904]: ci-info: +-------+-------------+----------+---------------+-----------+-------+
[   33.387975] [[0;32m  OK  [0m] Listening on Socket activation for snappy daemon.
[[0;32m  OK  [0m] Listening on LXD - unix socket.
[[0;32m  OK  [0m] Started iSCSI initiator daemon (iscsid).
cloud-init[904]: ci-info: |   0   |   0.0.0.0   | 10.0.2.2 |    0.0.0.0    |   enp0s3  |   UG  |
[   33.448284]          cloud-initStarting Login to default iSCSI targets...[904]: 
ci-info: |   1   |   10.0.2.0  | 0.0.0.0  | 255.255.255.0 |   enp0s3  |   U   |
[   33.512481] [cloud-init[0;32m  OK  [0m[904]: ] ci-info: +-------+-------------+----------+---------------+-----------+-------+Reached target Sockets.

[   33.512996] [cloud-init[0;32m  OK  [0m[904]: ] Generating public/private rsa key pair.Reached target Basic System.

[   33.660471] [cloud-init[0;32m  OK  [0m[904]: ] Your identification has been saved in /etc/ssh/ssh_host_rsa_key.Started Deferred execution scheduler.

         Starting LSB: MD monitoring daemon...
[   33.718548] cloud-init[904]: Your public key has been saved in /etc/ssh/ssh_host_rsa_key.pub.
[   33.804239]          cloud-initStarting Accounts Service...[904]: 
The key fingerprint is:
[   33.833769]          cloud-initStarting Pollinate to seed the pseudo random number generator...[904]: 
SHA256:1CBaikYpQNQAoEUHXqQKyFZvS72YMNu59Xkm2cxv0kE root@ubuntu-xenial
[   33.908366]          cloud-initStarting LXD - container startup/shutdown...[904]: 
The key's randomart image is:
[   33.956646]          cloud-initStarting System Logging Service...[904]: 
+---[RSA 2048]----+
[   34.012528] [cloud-init[0;32m  OK  [0m[904]: ] |X=B=+ o .        |Started Regular background program processing daemon.

[   34.013250] cloud-init[904]: |=+o*.+.. o       |
[   34.088333]          cloud-initStarting Apply the settings specified in cloud-config...[904]: 
|++=oo+ .. .      |
[[0;32m  OK  [0m] Started ACPI event daemon.
[   34.170742] cloud-init[904]: |oo  B =..    E   |
         Starting LSB: Record successful boot for GRUB...
[   34.230749] cloud-init[904]: |.  . * oS   .    |
[[0;32m  OK  [0m] Started FUSE filesystem for LXC.
[[0;32m  OK  [0m] Started Unattended Upgrades Shutdown.
[   34.288465] cloud-init[904]: |      o . *  .   |
         Starting Login Service...
[   34.413163] cloud-init[904]: |     .   = *. .  |
[   34.480941] [cloud-init[0;32m  OK  [0m[904]: ] |          +..o   |Started D-Bus System Message Bus.

[   34.481412] cloud-init[904]: |            o.   |
         Starting /etc/rc.local Compatibility...
[   34.557185] cloud-init[904]: +----[SHA256]-----+
[   34.632208] cloud-init[904]: Generating public/private dsa key pair.
[   34.632538] cloud-init[904]: Your identification has been saved in /etc/ssh/ssh_host_dsa_key.
[[0;32m  OK  [0m] Started Snappy daemon.
[   34.632674] cloud-init[904]: Your public key has been saved in /etc/ssh/ssh_host_dsa_key.pub.
[   34.799970] cloud-init[904]: The key fingerprint is:
[   34.800222] cloud-init[904]: SHA256:J4g6XK5139jZBcPjtkc+BgWDUk8Rx4L2dH30FGqwJvo root@ubuntu-xenial
         Starting Auto import assertions from block devices...
[   34.800330] cloud-init[904]: The key's randomart image is:
[   34.948338] cloud-init[904]: +---[DSA 1024]----+
[   34.948770] cloud-init[904]: |         ..+++.++|
[[0;32m  OK  [0m] Started System Logging Service.
[   34.948995] cloud-init[904]: |        . +oB.+.+|
[   35.064351] cloud-init[904]: |         + =.B  o|
[   35.064727] cloud-init[904]: |     . .. o.o .  |
[[0;32m  OK  [0m] Started Pollinate to seed the pseudo random number generator.
[   35.064896] cloud-init[904]: |    o ..S . =.   |
[   35.131084] cloud-init[904]: | . +    .o ..+.  |
[   35.131363] cloud-init[904]: |  + o .  E  o+.  |
[   35.131478] cloud-init[904]: |   + . . + + o=  |
[   35.131593] cloud-init[904]: |  .     o + oo . |
[   35.131709] cloud-init[904]: +----[SHA256]-----+
[   35.131837] cloud-init[904]: Generating public/private ecdsa key pair.
[   35.131947] cloud-init[904]: Your identification has been saved in /etc/ssh/ssh_host_ecdsa_key.
[   35.132193] cloud-init[904]: Your public key has been saved in /etc/ssh/ssh_host_ecdsa_key.pub.
[   35.132307] cloud-init[904]: The key fingerprint is:
[   35.132422] cloud-init[904]: SHA256:k97eNDUr5cwhfZq2RBMhCdyOtCKMreVpI78DzXZlPMI root@ubuntu-xenial
[   35.132547] cloud-init[904]: The key's randomart image is:
[   35.132657] cloud-init[904]: +---[ECDSA 256]---+
[   35.132774] cloud-init[904]: |         ..o...  |
[   35.132892] cloud-init[904]: |          o o. . |
[   35.133012] cloud-init[904]: |     + . o +  .  |
[   35.133136] cloud-init[904]: |    . = E.B .. . |
[   35.133281] cloud-init[904]: |     * oS= .. O .|
[   35.133428] cloud-init[904]: |    + O..o   O O |
[   35.133553] cloud-init[904]: |     * o. . + X  |
[   35.133670] cloud-init[904]: |      o  . o = . |
[   35.133786] cloud-init[904]: |      .o  . . .  |
[   35.133904] cloud-init[904]: +----[SHA256]-----+
[   35.134022] cloud-init[904]: Generating public/private ed25519 key pair.
[   35.134138] cloud-init[904]: Your identification has been saved in /etc/ssh/ssh_host_ed25519_key.
[[0;32m  OK  [0m] Started LXD - container startup/shutdown.
[   35.134278] cloud-init[904]: Your public key has been saved in /etc/ssh/ssh_host_ed25519_key.pub.
[   35.744708] cloud-init[904]: The key fingerprint is:
[   35.744927] cloud-init[904]: SHA256:jZMfAIwbl+ENn770kQxIeToZWZRQtbQLpO08W/jILA0 root@ubuntu-xenial
[[0;32m  OK  [0m] Started /etc/rc.local Compatibility.
[   35.745064] cloud-init[904]: The key's randomart image is:
[   35.832577] cloud-init[904]: +--[ED25519 256]--+
[   35.860874] cloud-init[904]: |     o*X=oo      |
[   35.861057] cloud-init[904]: |    ooBXoo o     |
[[0;32m  OK  [0m] Started Auto import assertions from block devices.
[   35.861175] cloud-init[904]: |     ++=O o      |
[[0;32m  OK  [0m] Started Login to default iSCSI targets.
[   35.984323] cloud-init[904]: |    . ++ X o     |
[[0;32m  OK  [0m] Started LSB: MD monitoring daemon.
[   36.040429] cloud-init[904]: |      E.S O      |
[   36.104397] [cloud-init[0;32m  OK  [0m[904]: ] |       * @ o     |Started LSB: Record successful boot for GRUB.

[   36.104783] cloud-init[904]: |      . B +      |
[   36.157844] cloud-init[904]: |       .         |
[   36.192429] cloud-init[904]: |                 |
[   36.232453] cloud-init[904]: +----[SHA256]-----+
[[0;32m  OK  [0m] Started Login Service.
[   36.256771] cloud-init[1065]: Generating locales (this might take a while)...
         Starting Authenticate and Authorize Users to Run Privileged Tasks...
[   36.324579] cloud-init[1065]:   en_US.UTF-8... done
[[0;32m  OK  [0m] Reached target Remote File Systems (Pre).
[[0;32m  OK  [0m] Reached target Remote File Systems.
[   36.384572] cloud-init[1065]: Generation complete.
         Starting LSB: VirtualBox Linux Additions...
         Starting LSB: Set the CPU Frequency Scaling governor to "ondemand"...
         Starting Permit User Sessions...
         Starting LSB: automatic crash report generation...
         Starting LSB: daemon to balance interrupts for SMP systems...
[[0;32m  OK  [0m] Stopped OpenBSD Secure Shell server.
         Starting OpenBSD Secure Shell server...
[[0;32m  OK  [0m] Started OpenBSD Secure Shell server.
[[0;32m  OK  [0m] Started Permit User Sessions.
[[0;32m  OK  [0m] Started Authenticate and Authorize Users to Run Privileged Tasks.
[[0;32m  OK  [0m] Started Accounts Service.
[[0;32m  OK  [0m] Started LSB: Set the CPU Frequency Scaling governor to "ondemand".
[[0;32m  OK  [0m] Started LSB: VirtualBox Linux Additions.
[[0;32m  OK  [0m] Created slice User Slice of ubuntu.
[   36.945001] cloud-init[1065]: Cloud-init v. 0.7.9 running 'modules:config' at Tue, 08 Aug 2017 20:55:27 +0000. Up 34.36 seconds.
[[0;32m  OK  [0m] Started Session 1 of user ubuntu.
         Starting User Manager for UID 1000...
         Starting Hold until boot process finishes up...
         Starting Terminate Plymouth Boot Screen...
[[0;32m  OK  [0m] Started User Manager for UID 1000.
[[0;32m  OK  [0m] Started Apply the settings specified in cloud-config.
[[0;32m  OK  [0m] Started LSB: automatic crash report generation.
[[0;32m  OK  [0m] Started LSB: daemon to balance interrupts for SMP systems.
[[0;32m  OK  [0m] Started Hold until boot process finishes up.
[[0;32m  OK  [0m] Started Terminate Plymouth Boot Screen.
         Starting Set console scheme...
[[0;32m  OK  [0m] Started Serial Getty on ttyS0.
[[0;32m  OK  [0m] Started Getty on tty1.
[[0;32m  OK  [0m] Reached target Login Prompts.
[[0;32m  OK  [0m] Reached target Multi-User System.
[[0;32m  OK  [0m] Reached target Graphical Interface.
         Starting Update UTMP about System Runlevel Changes...
         Starting Execute cloud user/final scripts...
[[0;32m  OK  [0m] Started Set console scheme.
[[0;32m  OK  [0m] Started Update UTMP about System Runlevel Changes.
ci-info: no authorized ssh keys fingerprints found for user ubuntu.
<14>Aug  8 20:55:31 ec2: 
<14>Aug  8 20:55:31 ec2: #############################################################
<14>Aug  8 20:55:31 ec2: -----BEGIN SSH HOST KEY FINGERPRINTS-----
<14>Aug  8 20:55:31 ec2: 1024 SHA256:J4g6XK5139jZBcPjtkc+BgWDUk8Rx4L2dH30FGqwJvo root@ubuntu-xenial (DSA)
<14>Aug  8 20:55:31 ec2: 256 SHA256:k97eNDUr5cwhfZq2RBMhCdyOtCKMreVpI78DzXZlPMI root@ubuntu-xenial (ECDSA)
<14>Aug  8 20:55:31 ec2: 256 SHA256:jZMfAIwbl+ENn770kQxIeToZWZRQtbQLpO08W/jILA0 root@ubuntu-xenial (ED25519)
<14>Aug  8 20:55:31 ec2: 2048 SHA256:1CBaikYpQNQAoEUHXqQKyFZvS72YMNu59Xkm2cxv0kE root@ubuntu-xenial (RSA)
<14>Aug  8 20:55:31 ec2: -----END SSH HOST KEY FINGERPRINTS-----
<14>Aug  8 20:55:31 ec2: #############################################################
-----BEGIN SSH HOST KEY KEYS-----
ecdsa-sha2-nistp256 AAAAE2VjZHNhLXNoYTItbmlzdHAyNTYAAAAIbmlzdHAyNTYAAABBBLUYUXfjFvTD83ixymndBfgQzM6vJmC04SgNi4Okrlx6m2HMwOzWfRxYk3FNDS8s4xawVcW+wsizXdjqAE5DdOw= root@ubuntu-xenial
ssh-ed25519 AAAAC3NzaC1lZDI1NTE5AAAAIIl/pkB0h0bGjUKMNCtW9vN0tRFoRzIBqZSJK1fdbW29 root@ubuntu-xenial
ssh-rsa AAAAB3NzaC1yc2EAAAADAQABAAABAQDq310N31/2aXJVddzMZ1KmbKlXYDeZN11hl7yFKjl5j00j9DhvkxAletvk9kEYoK6Ktzg6cfYwSx2M9oZaeNqizvRr4Kzr5XmyGCXHHlk2iuvKIngrrR4QO7Qhp9I9zYsOg5EVfhhDMM6SAfIdfimeWQaSsKo6It7Hfs5+wFetKJQKpj1F1McKnU/MNnFUzlulAv0yH95YjGnBNAmem4/xa8rM3IRlOTX73SV68wVnxZhpdikpCiAFd9BqCrkJCsmGyp4k96ZMmEF+fCRCC5MJSoJpJZgc61/NCUTYY050ClkWFJowkTlBWXDGKQjaecXkOoKNv8EPWoy8RMWyiCeB root@ubuntu-xenial
-----END SSH HOST KEY KEYS-----
[[0;32m  OK  [0m] Started Session 2 of user ubuntu.
[   39.169051] cloud-init[1270]: Cloud-init v. 0.7.9 running 'modules:final' at Tue, 08 Aug 2017 20:55:30 +0000. Up 38.12 seconds.
[   39.360649] cloud-init[1270]: ci-info: no authorized ssh keys fingerprints found for user ubuntu.
[   39.440620] cloud-init[1270]: Cloud-init v. 0.7.9 finished at Tue, 08 Aug 2017 20:55:32 +0000. Datasource DataSourceNoCloud [seed=/dev/sdb][dsmode=net].  Up 39.15 seconds
[[0;32m  OK  [0m] Started Execute cloud user/final scripts.
[[0;32m  OK  [0m] Reached target Cloud-init target.

Ubuntu 16.04.3 LTS ubuntu-xenial ttyS0

ubuntu-xenial login: 